[info] CUDA requested but not available — using CPU.
[CB weights from original train_df (4389 rows)]
  N: 0.2053
  D: 0.2031
  G: 1.0132
  C: 1.0070
  A: 1.2595
  H: 1.9856
  M: 1.3263

[LSE] Oversampling summary:
  target_count=850  max_aug_per_source=12
  Before expansion: total rows = 4389
    N: 1678
    D: 1698
    G: 318
    C: 320
    A: 255
    H: 161
    M: 242

  After expansion: total rows = 7255
    N: 1678
    D: 2278
    G: 964
    C: 866
    A: 877
    H: 850
    M: 850


============================================================
[Variant 1/1: V0]
============================================================
  Train (expanded): 200  Val: 50

  [V0] Loss 1/1: bce_with_logits_loss
